// Vitest Snapshot v1, https://vitest.dev/guide/snapshot.html

exports[`Tests for Slider (simulated) > get a snapshot of component 1`] = `
"
      <div class="slider-container ">
        <label for="Slider" class="slider-label">Slider Label</label>
        <div class="slider-control-container">
          <input type="range" id="Slider" class="slider-input" min="0" max="100" step="1" value="50" role="slider" aria-valuemin="0" aria-valuemax="100" aria-valuenow="50" data-testid="slider-input">
          <div class="slider-value">50</div>
        </div>
      </div>
    "
`;
