// Vitest Snapshot v1, https://vitest.dev/guide/snapshot.html

exports[`Tests for Accordion (simulated) > get a snapshot of component 1`] = `
"
      <div class="accordion">
        
          <div class="accordion-item">
            <button class="accordion-header" id="header-0" aria-expanded="false">
              Heading 1
            </button>
            <div class="accordion-content" id="content-0" style="display: none;">
              aaa
            </div>
          </div>
        
          <div class="accordion-item">
            <button class="accordion-header" id="header-1" aria-expanded="false">
              Heading 2
            </button>
            <div class="accordion-content" id="content-1" style="display: none;">
              bbb
            </div>
          </div>
        
          <div class="accordion-item">
            <button class="accordion-header" id="header-2" aria-expanded="false">
              Heading 3
            </button>
            <div class="accordion-content" id="content-2" style="display: none;">
              ccc
            </div>
          </div>
        
      </div>
    "
`;

exports[`Tests for Accordion > get a snapshot of component 1`] = `""`;
